<div class='clean'>
<div>Hi</div>
<br/>
<div>You are a lucky winner</div>
</div>